// Jest Snapshot v1, https://goo.gl/fbAQLP

exports[`CustomModal renders correctly 1`] = `
<Modal
  animationType="slide"
  hardwareAccelerated={false}
  transparent={true}
  visible={true}
>
  <View
    style={
      {
        "alignItems": "center",
        "backgroundColor": "#333333",
        "flex": 1,
        "justifyContent": "center",
      }
    }
  >
    <View
      style={
        {
          "alignItems": "center",
          "backgroundColor": "#eee",
          "borderRadius": 10,
          "padding": 20,
          "width": "90%",
        }
      }
    >
      <View
        accessibilityState={
          {
            "busy": undefined,
            "checked": undefined,
            "disabled": undefined,
            "expanded": undefined,
            "selected": undefined,
          }
        }
        accessibilityValue={
          {
            "max": undefined,
            "min": undefined,
            "now": undefined,
            "text": undefined,
          }
        }
        accessible={true}
        collapsable={false}
        focusable={false}
        onClick={[Function]}
        onResponderGrant={[Function]}
        onResponderMove={[Function]}
        onResponderRelease={[Function]}
        onResponderTerminate={[Function]}
        onResponderTerminationRequest={[Function]}
        onStartShouldSetResponder={[Function]}
        style={
          {
            "alignSelf": "flex-end",
            "opacity": 1,
          }
        }
        testID="closeButton"
      >
        <Text
          allowFontScaling={false}
          selectable={false}
          style={
            [
              {
                "color": "#000000",
                "fontSize": 24,
              },
              undefined,
              {
                "fontFamily": "material",
                "fontStyle": "normal",
                "fontWeight": "normal",
              },
              {},
            ]
          }
        >
          Óóç
        </Text>
      </View>
      <Text
        style={
          {
            "fontSize": 18,
            "fontWeight": "bold",
            "marginBottom": 20,
            "marginTop": 10,
          }
        }
      />
    </View>
  </View>
</Modal>
`;
