// Jest Snapshot v1, https://goo.gl/fbAQLP

exports[`TopNavigation renders correctly 1`] = `
<View
  style={
    {
      "alignItems": "center",
      "backgroundColor": "#000000",
      "borderBottomColor": "white",
      "borderBottomStyle": "solid",
      "borderBottomWidth": 1,
      "flexDirection": "row",
      "height": 50,
      "justifyContent": "space-between",
      "paddingHorizontal": 20,
      "zIndex": 10,
    }
  }
>
  <Text
    style={
      {
        "color": "#FFFFFF",
        "fontSize": 24,
      }
    }
  />
  <View
    style={
      {
        "flexDirection": "row",
      }
    }
  >
    <View
      style={
        [
          {
            "backgroundColor": "#FFFFFF",
            "borderRadius": 5,
            "height": 10,
            "marginHorizontal": 5,
            "width": 10,
          },
          false,
        ]
      }
    />
    <View
      style={
        [
          {
            "backgroundColor": "#FFFFFF",
            "borderRadius": 5,
            "height": 10,
            "marginHorizontal": 5,
            "width": 10,
          },
          false,
        ]
      }
    />
  </View>
</View>
`;
